// Jest Snapshot v1, https://goo.gl/fbAQLP

exports[`< App /> component should match snapshot 1`] = `
<div
  className="App"
  style={
    Object {
      "backgroundImage": "linear-gradient(#7753ac, #d98cb3 25%)",
    }
  }
>
  <main>
    <SearchForm />
    <Current
      current={
        Object {
          "condition": "clear sky",
          "dt": 1605739065,
          "hi": 74,
          "icon": "01d",
          "lo": 55,
          "temp": 74,
          "time": "12:41:09 PM",
        }
      }
    />
    <HourlyGraph />
  </main>
  <Daily />
</div>
`;

exports[`< App /> component tree should match snapshot 1`] = `
<div
  className="App"
  style={
    Object {
      "backgroundImage": "linear-gradient(#7753ac, #d98cb3 25%)",
    }
  }
>
  <main>
    <SearchForm />
    <Current
      current={
        Object {
          "condition": "clear sky",
          "dt": 1605739065,
          "hi": 74,
          "icon": "01d",
          "lo": 55,
          "temp": 74,
          "time": "12:41:09 PM",
        }
      }
    />
    <HourlyGraph />
  </main>
  <Daily
    daily={
      Array [
        Object {
          "clouds": 1,
          "dew_point": 52.39,
          "dt": 1604851200,
          "feels_like": Object {
            "day": 73.72,
            "eve": 72.37,
            "morn": 54.99,
            "night": 61.57,
          },
          "humidity": 46,
          "pop": 0,
          "pressure": 1028,
          "sunrise": 1604835818,
          "sunset": 1604872819,
          "temp": Object {
            "day": 74.52,
            "eve": 72.34,
            "max": 74.52,
            "min": 55.87,
            "morn": 56.86,
            "night": 61.5,
          },
          "uvi": 2.98,
          "weather": Array [
            Object {
              "description": "clear sky",
              "icon": "01d",
              "id": 800,
              "main": "Clear",
            },
          ],
          "wind_deg": 270,
          "wind_speed": 2.73,
        },
        Object {
          "clouds": 0,
          "dew_point": 55.85,
          "dt": 1604937600,
          "feels_like": Object {
            "day": 67.14,
            "eve": 70.03,
            "morn": 58.51,
            "night": 57.18,
          },
          "humidity": 67,
          "pop": 0,
          "pressure": 1028,
          "sunrise": 1604922286,
          "sunset": 1604959164,
          "temp": Object {
            "day": 66.88,
            "eve": 71.01,
            "max": 73.11,
            "min": 57.09,
            "morn": 58.06,
            "night": 60.24,
          },
          "uvi": 3.12,
          "weather": Array [
            Object {
              "description": "clear sky",
              "icon": "01d",
              "id": 800,
              "main": "Clear",
            },
          ],
          "wind_deg": 197,
          "wind_speed": 2.64,
        },
        Object {
          "clouds": 25,
          "dew_point": 59.58,
          "dt": 1605024000,
          "feels_like": Object {
            "day": 66.24,
            "eve": 70.9,
            "morn": 56.28,
            "night": 65.01,
          },
          "humidity": 77,
          "pop": 0,
          "pressure": 1023,
          "sunrise": 1605008753,
          "sunset": 1605045510,
          "temp": Object {
            "day": 66.69,
            "eve": 72.18,
            "max": 73.29,
            "min": 57.88,
            "morn": 57.99,
            "night": 65.91,
          },
          "uvi": 3.18,
          "weather": Array [
            Object {
              "description": "scattered clouds",
              "icon": "03d",
              "id": 802,
              "main": "Clouds",
            },
          ],
          "wind_deg": 187,
          "wind_speed": 6.11,
        },
        Object {
          "clouds": 94,
          "dew_point": 64.62,
          "dt": 1605110400,
          "feels_like": Object {
            "day": 70.34,
            "eve": 75.51,
            "morn": 65.75,
            "night": 72.66,
          },
          "humidity": 79,
          "pop": 1,
          "pressure": 1017,
          "rain": 18.99,
          "sunrise": 1605095221,
          "sunset": 1605131858,
          "temp": Object {
            "day": 71.44,
            "eve": 73.02,
            "max": 74.68,
            "min": 65.07,
            "morn": 65.07,
            "night": 69.66,
          },
          "uvi": 3.06,
          "weather": Array [
            Object {
              "description": "heavy intensity rain",
              "icon": "10d",
              "id": 502,
              "main": "Rain",
            },
          ],
          "wind_deg": 199,
          "wind_speed": 11.01,
        },
        Object {
          "clouds": 100,
          "dew_point": 62.8,
          "dt": 1605196800,
          "feels_like": Object {
            "day": 67.59,
            "eve": 63.1,
            "morn": 67.84,
            "night": 54.82,
          },
          "humidity": 84,
          "pop": 1,
          "pressure": 1013,
          "rain": 55.47,
          "sunrise": 1605181688,
          "sunset": 1605218208,
          "temp": Object {
            "day": 67.6,
            "eve": 65.82,
            "max": 69.44,
            "min": 59.16,
            "morn": 66.15,
            "night": 59.16,
          },
          "uvi": 2.87,
          "weather": Array [
            Object {
              "description": "very heavy rain",
              "icon": "10d",
              "id": 503,
              "main": "Rain",
            },
          ],
          "wind_deg": 346,
          "wind_speed": 7.63,
        },
        Object {
          "clouds": 65,
          "dew_point": 39.11,
          "dt": 1605283200,
          "feels_like": Object {
            "day": 51.24,
            "eve": 53.35,
            "morn": 50.29,
            "night": 45.32,
          },
          "humidity": 49,
          "pop": 0.05,
          "pressure": 1020,
          "sunrise": 1605268156,
          "sunset": 1605304559,
          "temp": Object {
            "day": 57.94,
            "eve": 59.22,
            "max": 61.21,
            "min": 52.02,
            "morn": 56.07,
            "night": 52.02,
          },
          "uvi": 2.95,
          "weather": Array [
            Object {
              "description": "broken clouds",
              "icon": "04d",
              "id": 803,
              "main": "Clouds",
            },
          ],
          "wind_deg": 359,
          "wind_speed": 7.58,
        },
        Object {
          "clouds": 73,
          "dew_point": 36.77,
          "dt": 1605369600,
          "feels_like": Object {
            "day": 47.39,
            "eve": 51.55,
            "morn": 42.01,
            "night": 48.36,
          },
          "humidity": 54,
          "pop": 1,
          "pressure": 1027,
          "rain": 7.01,
          "sunrise": 1605354623,
          "sunset": 1605390912,
          "temp": Object {
            "day": 52.93,
            "eve": 56.77,
            "max": 57.54,
            "min": 46.72,
            "morn": 48.25,
            "night": 54.54,
          },
          "uvi": 2.88,
          "weather": Array [
            Object {
              "description": "moderate rain",
              "icon": "10d",
              "id": 501,
              "main": "Rain",
            },
          ],
          "wind_deg": 77,
          "wind_speed": 4.85,
        },
        Object {
          "clouds": 100,
          "dew_point": 58.78,
          "dt": 1605456000,
          "feels_like": Object {
            "day": 62.78,
            "eve": 67.44,
            "morn": 56.16,
            "night": 60.3,
          },
          "humidity": 87,
          "pop": 1,
          "pressure": 1013,
          "rain": 27.04,
          "sunrise": 1605441090,
          "sunset": 1605477267,
          "temp": Object {
            "day": 62.55,
            "eve": 66.51,
            "max": 67.84,
            "min": 56.44,
            "morn": 56.97,
            "night": 60.42,
          },
          "uvi": 2.43,
          "weather": Array [
            Object {
              "description": "heavy intensity rain",
              "icon": "10d",
              "id": 502,
              "main": "Rain",
            },
          ],
          "wind_deg": 268,
          "wind_speed": 4.5,
        },
      ]
    }
  />
</div>
`;
